// Jest Snapshot v1, https://goo.gl/fbAQLP

exports[`Modal Component matches snapshot when closed 1`] = `<DocumentFragment />`;

exports[`Modal Component matches snapshot when open 1`] = `
<DocumentFragment>
  <div
    class="fixed inset-0 z-50 flex items-center justify-center bg-gray-200 opacity-85"
  >
    <div
      class="bg-gray-900 rounded-lg p-6 w-full max-w-md"
    >
      <div
        class="flex justify-between items-center mb-4"
      >
        <h2
          class="text-base font-semibold"
        >
          Test Modal
        </h2>
        <button
          class="text-gray-500 hover:text-gray-700"
          type="button"
        >
          <div
            class="flex items-center justify-center gap-2"
          >
            <span>
              <span>
                CloseIcon
              </span>
            </span>
          </div>
        </button>
      </div>
      <div>
        Modal Content
      </div>
    </div>
  </div>
</DocumentFragment>
`;
